// Jest Snapshot v1, https://goo.gl/fbAQLP

exports[`FormInput Rendering should match to snapshot 1`] = `
<View>
  <TextInput
    allowFontScaling={true}
    className="sc-bdVaJa hAFfYc"
    keyboardType="default"
    onChangeText={[Function]}
    placeholder="form input placeholder"
    rejectResponderTermination={true}
    underlineColorAndroid="transparent"
  />
</View>
`;
