// Jest Snapshot v1, https://goo.gl/fbAQLP

exports[`Login renders correctly 1`] = `
<View
  className="sc-bxivhb iEKEfW"
  padding="3%"
>
  <View>
    <TextInput
      allowFontScaling={true}
      className="sc-bwzfXH kVIIpY"
      keyboardType="email-address"
      onChangeText={[Function]}
      placeholder="Email"
      rejectResponderTermination={true}
      underlineColorAndroid="transparent"
    />
  </View>
  <View>
    <TextInput
      allowFontScaling={true}
      className="sc-bwzfXH kVIIpY"
      keyboardType="default"
      onChangeText={[Function]}
      placeholder="Password"
      rejectResponderTermination={true}
      underlineColorAndroid="transparent"
    />
  </View>
  <View
    className="sc-bdVaJa jJVOup"
  >
    <View
      accessible={true}
      isTVSelectable={true}
      onResponderGrant={[Function]}
      onResponderMove={[Function]}
      onResponderRelease={[Function]}
      onResponderTerminate={[Function]}
      onResponderTerminationRequest={[Function]}
      onStartShouldSetResponder={[Function]}
      style={null}
    >
      <Text
        style={null}
      >
        Log In
      </Text>
    </View>
  </View>
  <View
    className="sc-bdVaJa jJVOup"
  >
    <View
      accessible={true}
      isTVSelectable={true}
      onResponderGrant={[Function]}
      onResponderMove={[Function]}
      onResponderRelease={[Function]}
      onResponderTerminate={[Function]}
      onResponderTerminationRequest={[Function]}
      onStartShouldSetResponder={[Function]}
      style={null}
    >
      <Text
        style={null}
      >
        Dont have an account? Join here !
      </Text>
    </View>
  </View>
</View>
`;
