// Jest Snapshot v1, https://goo.gl/fbAQLP

exports[`Register renders correctly 1`] = `
Array [
  <View>
    <TextInput
      allowFontScaling={true}
      onChangeText={[Function]}
      placeholder="Email"
      rejectResponderTermination={true}
      style={
        Array [
          Object {
            "borderBottomWidth": 0.5,
            "height": 40,
            "marginBottom": 20,
          },
          undefined,
        ]
      }
      underlineColorAndroid="transparent"
    />
    <TextInput
      allowFontScaling={true}
      onChangeText={[Function]}
      placeholder="Name"
      rejectResponderTermination={true}
      style={
        Array [
          Object {
            "borderBottomWidth": 0.5,
            "height": 40,
            "marginBottom": 20,
          },
          undefined,
        ]
      }
      underlineColorAndroid="transparent"
    />
    <TextInput
      allowFontScaling={true}
      onChangeText={[Function]}
      placeholder="Password"
      rejectResponderTermination={true}
      style={
        Array [
          Object {
            "borderBottomWidth": 0.5,
            "height": 40,
            "marginBottom": 20,
          },
          undefined,
        ]
      }
      underlineColorAndroid="transparent"
    />
    <View
      accessible={true}
      isTVSelectable={true}
      onResponderGrant={[Function]}
      onResponderMove={[Function]}
      onResponderRelease={[Function]}
      onResponderTerminate={[Function]}
      onResponderTerminationRequest={[Function]}
      onStartShouldSetResponder={[Function]}
      style={null}
    >
      <Text
        style={null}
      >
        Register
      </Text>
    </View>
  </View>,
  " ",
]
`;
