// Jest Snapshot v1, https://goo.gl/fbAQLP

exports[`Register renders correctly 1`] = `
<View
  className="sc-bxivhb iEKEfW"
  padding="3%"
>
  <View>
    <TextInput
      allowFontScaling={true}
      className="sc-bwzfXH kVIIpY"
      keyboardType="email-address"
      onChangeText={[Function]}
      placeholder="Email"
      rejectResponderTermination={true}
      underlineColorAndroid="transparent"
    />
  </View>
  <View>
    <TextInput
      allowFontScaling={true}
      className="sc-bwzfXH kVIIpY"
      keyboardType="default"
      onChangeText={[Function]}
      placeholder="Name"
      rejectResponderTermination={true}
      underlineColorAndroid="transparent"
    />
  </View>
  <View>
    <TextInput
      allowFontScaling={true}
      className="sc-bwzfXH kVIIpY"
      keyboardType="default"
      onChangeText={[Function]}
      placeholder="Password"
      rejectResponderTermination={true}
      underlineColorAndroid="transparent"
    />
  </View>
  <View
    className="sc-bdVaJa jJVOup"
  >
    <View
      accessible={true}
      isTVSelectable={true}
      onResponderGrant={[Function]}
      onResponderMove={[Function]}
      onResponderRelease={[Function]}
      onResponderTerminate={[Function]}
      onResponderTerminationRequest={[Function]}
      onStartShouldSetResponder={[Function]}
      style={null}
    >
      <Text
        style={null}
      >
        Register
      </Text>
    </View>
  </View>
  <View
    className="sc-bdVaJa jJVOup"
  >
    <View
      accessible={true}
      isTVSelectable={true}
      onResponderGrant={[Function]}
      onResponderMove={[Function]}
      onResponderRelease={[Function]}
      onResponderTerminate={[Function]}
      onResponderTerminationRequest={[Function]}
      onStartShouldSetResponder={[Function]}
      style={null}
    >
      <Text
        style={null}
      >
        Already have an account? Sign in!
      </Text>
    </View>
  </View>
</View>
`;
