// Jest Snapshot v1, https://goo.gl/fbAQLP

exports[`Select renders correctly 1`] = `
<View
  style={Object {}}
>
  <RCTPicker
    items={
      Array [
        Object {
          "label": "select-label",
          "textColor": undefined,
          "value": "select-value",
        },
      ]
    }
    onChange={[Function]}
    onResponderTerminationRequest={[Function]}
    onStartShouldSetResponder={[Function]}
    selectedIndex={0}
    style={
      Array [
        Object {
          "height": 216,
        },
        undefined,
      ]
    }
  />
</View>
`;
